--- Running with inputs: ['1', '2000'] ---
STDOUT: 1. Compute age
2. Compute tip
3. Compute square area
0. Exit
Choice: 
Invalid Input!

<<SYMBOL_TABLE>>{"choice": {"value": "1", "type": "YARN"}, "input": {"value": "NOOB", "type": "NOOB"}, "IT": {"value": "FAIL", "type": "TROOF"}}

--- Running with inputs: ['2', '100'] ---
STDOUT: 1. Compute age
2. Compute tip
3. Compute square area
0. Exit
Choice: 
Invalid Input!

<<SYMBOL_TABLE>>{"choice": {"value": "2", "type": "YARN"}, "input": {"value": "NOOB", "type": "NOOB"}, "IT": {"value": "FAIL", "type": "TROOF"}}

--- Running with inputs: ['3', '5'] ---
STDOUT: 1. Compute age
2. Compute tip
3. Compute square area
0. Exit
Choice: 
Invalid Input!

<<SYMBOL_TABLE>>{"choice": {"value": "3", "type": "YARN"}, "input": {"value": "NOOB", "type": "NOOB"}, "IT": {"value": "FAIL", "type": "TROOF"}}

--- Running with inputs: ['0'] ---
STDOUT: 1. Compute age
2. Compute tip
3. Compute square area
0. Exit
Choice: 
Invalid Input!

<<SYMBOL_TABLE>>{"choice": {"value": "0", "type": "YARN"}, "input": {"value": "NOOB", "type": "NOOB"}, "IT": {"value": "FAIL", "type": "TROOF"}}

